---
created: "2019-06-02T15:14:09.382451Z"
creator: insta@0.8.1
source: src/bin/snapshots.rs
expression: forest
---
Ok(
    WhereClause {
        bounds: [
            WhereBound::TypeEq {
                left: Type::DynTrait {
                    bounds: [
                        TypeBound::Trait(
                            TypeTraitBound {
                                binder: ForAllBinder {
                                    generics: Generics {
                                        params: [
                                            GenericParam {
                                                attrs: [],
                                                kind: GenericParamKind::Lifetime {
                                                    name: _,
                                                },
                                            },
                                        ],
                                    },
                                },
                                path: Path {
                                    path: RelativePath {
                                        segments: [
                                            PathSegment {
                                                ident: _,
                                            },
                                        ],
                                    },
                                },
                            },
                        ),
                    ],
                },
                right: Type::Path(
                    QPath::Unqualified(
                        Path {
                            path: RelativePath {
                                segments: [
                                    PathSegment {
                                        ident: _,
                                        args: GenericArgs::AngleBracket {
                                            args_and_bindings: AngleBracketGenericArgsAndBindings::Args(
                                                [
                                                    GenericArg::Lifetime | GenericArg::Type(
                                                        Type::DynTrait {
                                                            bounds: [
                                                                TypeBound::Outlives,
                                                            ],
                                                        },
                                                    ),
                                                ],
                                            ),
                                        },
                                    },
                                ],
                            },
                        },
                    ),
                ) | Type::DynTrait {
                    bounds: [
                        TypeBound::Trait(
                            TypeTraitBound {
                                path: Path {
                                    path: RelativePath {
                                        segments: [
                                            PathSegment {
                                                ident: _,
                                                args: GenericArgs::AngleBracket {
                                                    args_and_bindings: AngleBracketGenericArgsAndBindings::Args(
                                                        [
                                                            GenericArg::Lifetime | GenericArg::Type(
                                                                Type::DynTrait {
                                                                    bounds: [
                                                                        TypeBound::Outlives,
                                                                    ],
                                                                },
                                                            ),
                                                        ],
                                                    ),
                                                },
                                            },
                                        ],
                                    },
                                },
                            },
                        ),
                    ],
                },
            } | WhereBound::TypeEq {
                binder: ForAllBinder {
                    generics: Generics {
                        params: [
                            GenericParam {
                                attrs: [],
                                kind: GenericParamKind::Lifetime {
                                    name: _,
                                },
                            },
                        ],
                    },
                },
                left: Type::Path(
                    QPath::Unqualified(
                        Path {
                            path: RelativePath {
                                segments: [
                                    PathSegment {
                                        ident: _,
                                    },
                                ],
                            },
                        },
                    ),
                ) | Type::DynTrait {
                    bounds: [
                        TypeBound::Trait(
                            TypeTraitBound {
                                path: Path {
                                    path: RelativePath {
                                        segments: [
                                            PathSegment {
                                                ident: _,
                                            },
                                        ],
                                    },
                                },
                            },
                        ),
                    ],
                },
                right: Type::Path(
                    QPath::Unqualified(
                        Path {
                            path: RelativePath {
                                segments: [
                                    PathSegment {
                                        ident: _,
                                        args: GenericArgs::AngleBracket {
                                            args_and_bindings: AngleBracketGenericArgsAndBindings::Args(
                                                [
                                                    GenericArg::Lifetime | GenericArg::Type(
                                                        Type::DynTrait {
                                                            bounds: [
                                                                TypeBound::Outlives,
                                                            ],
                                                        },
                                                    ),
                                                ],
                                            ),
                                        },
                                    },
                                ],
                            },
                        },
                    ),
                ) | Type::DynTrait {
                    bounds: [
                        TypeBound::Trait(
                            TypeTraitBound {
                                path: Path {
                                    path: RelativePath {
                                        segments: [
                                            PathSegment {
                                                ident: _,
                                                args: GenericArgs::AngleBracket {
                                                    args_and_bindings: AngleBracketGenericArgsAndBindings::Args(
                                                        [
                                                            GenericArg::Lifetime | GenericArg::Type(
                                                                Type::DynTrait {
                                                                    bounds: [
                                                                        TypeBound::Outlives,
                                                                    ],
                                                                },
                                                            ),
                                                        ],
                                                    ),
                                                },
                                            },
                                        ],
                                    },
                                },
                            },
                        ),
                    ],
                },
            },
        ],
    },
)
