---
created: "2019-08-25T01:01:21.976069615Z"
creator: insta@0.7.4
source: src/bin/snapshots.rs
expression: forest
---
Err(
    ParseError {
        at: Span,
        expected: [
            "=",
        ],
    },
)
