---
created: "2019-08-25T01:01:22.755527472Z"
creator: insta@0.7.4
source: src/bin/snapshots.rs
expression: forest
---
Ok(
    WhereClause {
        bounds: [
            WhereBound::Type {
                ty: Type::DynTrait {
                    bounds: [
                        TypeBound::Trait(
                            TypeTraitBound {
                                binder: ForAllBinder {
                                    generics: Generics {
                                        params: [
                                            GenericParam {
                                                attrs: [],
                                                kind: GenericParamKind::Lifetime {
                                                    name: _,
                                                },
                                            },
                                        ],
                                    },
                                },
                                path: Path {
                                    path: RelativePath {
                                        segments: [
                                            PathSegment {
                                                ident: _,
                                            },
                                        ],
                                    },
                                },
                            },
                        ),
                    ],
                },
                bounds: [
                    TypeBound::Trait(
                        TypeTraitBound {
                            path: Path {
                                path: RelativePath {
                                    segments: [
                                        PathSegment {
                                            ident: _,
                                            args: GenericArgs::AngleBracket {
                                                args_and_bindings: AngleBracketGenericArgsAndBindings::Args(
                                                    [
                                                        GenericArg::Lifetime | GenericArg::Type(
                                                            Type::DynTrait {
                                                                bounds: [
                                                                    TypeBound::Outlives,
                                                                ],
                                                            },
                                                        ),
                                                    ],
                                                ),
                                            },
                                        },
                                    ],
                                },
                            },
                        },
                    ),
                ],
            } | WhereBound::Type {
                binder: ForAllBinder {
                    generics: Generics {
                        params: [
                            GenericParam {
                                attrs: [],
                                kind: GenericParamKind::Lifetime {
                                    name: _,
                                },
                            },
                        ],
                    },
                },
                ty: Type::Path(
                    QPath::Unqualified(
                        Path {
                            path: RelativePath {
                                segments: [
                                    PathSegment {
                                        ident: _,
                                    },
                                ],
                            },
                        },
                    ),
                ) | Type::DynTrait {
                    bounds: [
                        TypeBound::Trait(
                            TypeTraitBound {
                                path: Path {
                                    path: RelativePath {
                                        segments: [
                                            PathSegment {
                                                ident: _,
                                            },
                                        ],
                                    },
                                },
                            },
                        ),
                    ],
                },
                bounds: [
                    TypeBound::Trait(
                        TypeTraitBound {
                            path: Path {
                                path: RelativePath {
                                    segments: [
                                        PathSegment {
                                            ident: _,
                                            args: GenericArgs::AngleBracket {
                                                args_and_bindings: AngleBracketGenericArgsAndBindings::Args(
                                                    [
                                                        GenericArg::Lifetime | GenericArg::Type(
                                                            Type::DynTrait {
                                                                bounds: [
                                                                    TypeBound::Outlives,
                                                                ],
                                                            },
                                                        ),
                                                    ],
                                                ),
                                            },
                                        },
                                    ],
                                },
                            },
                        },
                    ),
                ],
            },
        ],
    },
)
