---
created: "2019-06-02T14:56:55.339676Z"
creator: insta@0.8.1
source: src/bin/snapshots.rs
expression: forest
---
Err(
    ParseError {
        at: Span,
        expected: [
            [
                Punct {
                    ch: Some(
                        ',',
                    ),
                    joint: None,
                },
            ],
            [
                Delim(
                    '(',
                ),
            ],
            [
                Punct {
                    ch: Some(
                        '?',
                    ),
                    joint: None,
                },
            ],
            [
                Punct {
                    ch: Some(
                        ':',
                    ),
                    joint: Some(
                        true,
                    ),
                },
                Punct {
                    ch: Some(
                        ':',
                    ),
                    joint: None,
                },
            ],
            [
                Ident(
                    Some(
                        "for",
                    ),
                ),
            ],
            [
                Punct {
                    ch: Some(
                        '\'',
                    ),
                    joint: Some(
                        true,
                    ),
                },
                Ident(
                    None,
                ),
            ],
            [
                Ident(
                    None,
                ),
            ],
        ],
    },
)
